// Vitest Snapshot v1, https://vitest.dev/guide/snapshot.html

exports[`T1.4 base snapshots > generate("backpacking", neutral) matches committed snapshot 1`] = `
[
  {
    "baseQty": 1,
    "category": "Shelter",
    "name": "Tent",
    "note": undefined,
    "removed": false,
    "scope": "per_tent",
    "sortOrder": 0,
    "source": "template",
    "unit": undefined,
  },
  {
    "baseQty": 1,
    "category": "Sleep",
    "name": "Sleeping bag",
    "note": undefined,
    "removed": false,
    "scope": "per_person",
    "sortOrder": 1,
    "source": "template",
    "unit": undefined,
  },
  {
    "baseQty": 1,
    "category": "Kitchen",
    "name": "Stove",
    "note": undefined,
    "removed": false,
    "scope": "shared",
    "sortOrder": 2,
    "source": "template",
    "unit": undefined,
  },
  {
    "baseQty": 1,
    "category": "Water",
    "name": "Water bottles",
    "note": undefined,
    "removed": false,
    "scope": "per_person",
    "sortOrder": 3,
    "source": "template",
    "unit": undefined,
  },
  {
    "baseQty": 1,
    "category": "Food",
    "name": "Meals & snacks",
    "note": undefined,
    "removed": false,
    "scope": "per_person",
    "sortOrder": 4,
    "source": "template",
    "unit": undefined,
  },
  {
    "baseQty": 1,
    "category": "Clothing",
    "name": "Layers",
    "note": undefined,
    "removed": false,
    "scope": "per_person",
    "sortOrder": 5,
    "source": "template",
    "unit": undefined,
  },
  {
    "baseQty": 1,
    "category": "Navigation",
    "name": "Headlamp",
    "note": undefined,
    "removed": false,
    "scope": "per_person",
    "sortOrder": 6,
    "source": "template",
    "unit": undefined,
  },
  {
    "baseQty": 1,
    "category": "Health & Safety",
    "name": "First-aid kit",
    "note": undefined,
    "removed": false,
    "scope": "shared",
    "sortOrder": 7,
    "source": "template",
    "unit": undefined,
  },
  {
    "baseQty": 1,
    "category": "Hygiene",
    "name": "Toiletries",
    "note": undefined,
    "removed": false,
    "scope": "per_person",
    "sortOrder": 8,
    "source": "template",
    "unit": undefined,
  },
  {
    "baseQty": 1,
    "category": "Tools & Repair",
    "name": "Multi-tool",
    "note": undefined,
    "removed": false,
    "scope": "shared",
    "sortOrder": 9,
    "source": "template",
    "unit": undefined,
  },
  {
    "baseQty": 1,
    "category": "Personal & Misc",
    "name": "ID / permits",
    "note": undefined,
    "removed": false,
    "scope": "per_person",
    "sortOrder": 10,
    "source": "template",
    "unit": undefined,
  },
]
`;

exports[`T1.4 base snapshots > generate("car", neutral) matches committed snapshot 1`] = `
[
  {
    "baseQty": 1,
    "category": "Shelter",
    "name": "Tent",
    "note": undefined,
    "removed": false,
    "scope": "per_tent",
    "sortOrder": 0,
    "source": "template",
    "unit": undefined,
  },
  {
    "baseQty": 1,
    "category": "Sleep",
    "name": "Sleeping bag",
    "note": undefined,
    "removed": false,
    "scope": "per_person",
    "sortOrder": 1,
    "source": "template",
    "unit": undefined,
  },
  {
    "baseQty": 1,
    "category": "Kitchen",
    "name": "Stove",
    "note": undefined,
    "removed": false,
    "scope": "shared",
    "sortOrder": 2,
    "source": "template",
    "unit": undefined,
  },
  {
    "baseQty": 1,
    "category": "Water",
    "name": "Water bottles",
    "note": undefined,
    "removed": false,
    "scope": "per_person",
    "sortOrder": 3,
    "source": "template",
    "unit": undefined,
  },
  {
    "baseQty": 1,
    "category": "Food",
    "name": "Meals & snacks",
    "note": undefined,
    "removed": false,
    "scope": "per_person",
    "sortOrder": 4,
    "source": "template",
    "unit": undefined,
  },
  {
    "baseQty": 1,
    "category": "Clothing",
    "name": "Layers",
    "note": undefined,
    "removed": false,
    "scope": "per_person",
    "sortOrder": 5,
    "source": "template",
    "unit": undefined,
  },
  {
    "baseQty": 1,
    "category": "Navigation",
    "name": "Headlamp",
    "note": undefined,
    "removed": false,
    "scope": "per_person",
    "sortOrder": 6,
    "source": "template",
    "unit": undefined,
  },
  {
    "baseQty": 1,
    "category": "Health & Safety",
    "name": "First-aid kit",
    "note": undefined,
    "removed": false,
    "scope": "shared",
    "sortOrder": 7,
    "source": "template",
    "unit": undefined,
  },
  {
    "baseQty": 1,
    "category": "Hygiene",
    "name": "Toiletries",
    "note": undefined,
    "removed": false,
    "scope": "per_person",
    "sortOrder": 8,
    "source": "template",
    "unit": undefined,
  },
  {
    "baseQty": 1,
    "category": "Tools & Repair",
    "name": "Multi-tool",
    "note": undefined,
    "removed": false,
    "scope": "shared",
    "sortOrder": 9,
    "source": "template",
    "unit": undefined,
  },
  {
    "baseQty": 1,
    "category": "Personal & Misc",
    "name": "ID / permits",
    "note": undefined,
    "removed": false,
    "scope": "per_person",
    "sortOrder": 10,
    "source": "template",
    "unit": undefined,
  },
]
`;
